../Drivers/STM32WLxx_HAL_Driver/Src/stm32wlxx_hal_dac.c:338:19:HAL_DAC_Init	16	static
../Drivers/STM32WLxx_HAL_Driver/Src/stm32wlxx_hal_dac.c:395:19:HAL_DAC_DeInit	16	static
../Drivers/STM32WLxx_HAL_Driver/Src/stm32wlxx_hal_dac.c:440:13:HAL_DAC_MspInit	16	static
../Drivers/STM32WLxx_HAL_Driver/Src/stm32wlxx_hal_dac.c:456:13:HAL_DAC_MspDeInit	16	static
../Drivers/STM32WLxx_HAL_Driver/Src/stm32wlxx_hal_dac.c:497:19:HAL_DAC_Start	16	static
../Drivers/STM32WLxx_HAL_Driver/Src/stm32wlxx_hal_dac.c:537:19:HAL_DAC_Stop	16	static
../Drivers/STM32WLxx_HAL_Driver/Src/stm32wlxx_hal_dac.c:568:19:HAL_DAC_Start_DMA	32	static
../Drivers/STM32WLxx_HAL_Driver/Src/stm32wlxx_hal_dac.c:651:19:HAL_DAC_Stop_DMA	24	static
../Drivers/STM32WLxx_HAL_Driver/Src/stm32wlxx_hal_dac.c:696:6:HAL_DAC_IRQHandler	16	static
../Drivers/STM32WLxx_HAL_Driver/Src/stm32wlxx_hal_dac.c:740:19:HAL_DAC_SetValue	32	static
../Drivers/STM32WLxx_HAL_Driver/Src/stm32wlxx_hal_dac.c:768:13:HAL_DAC_ConvCpltCallbackCh1	16	static
../Drivers/STM32WLxx_HAL_Driver/Src/stm32wlxx_hal_dac.c:784:13:HAL_DAC_ConvHalfCpltCallbackCh1	16	static
../Drivers/STM32WLxx_HAL_Driver/Src/stm32wlxx_hal_dac.c:800:13:HAL_DAC_ErrorCallbackCh1	16	static
../Drivers/STM32WLxx_HAL_Driver/Src/stm32wlxx_hal_dac.c:816:13:HAL_DAC_DMAUnderrunCallbackCh1	16	static
../Drivers/STM32WLxx_HAL_Driver/Src/stm32wlxx_hal_dac.c:854:10:HAL_DAC_GetValue	16	static
../Drivers/STM32WLxx_HAL_Driver/Src/stm32wlxx_hal_dac.c:873:19:HAL_DAC_ConfigChannel	40	static
../Drivers/STM32WLxx_HAL_Driver/Src/stm32wlxx_hal_dac.c:1015:22:HAL_DAC_GetState	16	static
../Drivers/STM32WLxx_HAL_Driver/Src/stm32wlxx_hal_dac.c:1028:10:HAL_DAC_GetError	16	static
../Drivers/STM32WLxx_HAL_Driver/Src/stm32wlxx_hal_dac.c:1252:6:DAC_DMAConvCpltCh1	24	static
../Drivers/STM32WLxx_HAL_Driver/Src/stm32wlxx_hal_dac.c:1271:6:DAC_DMAHalfConvCpltCh1	24	static
../Drivers/STM32WLxx_HAL_Driver/Src/stm32wlxx_hal_dac.c:1288:6:DAC_DMAErrorCh1	24	static
