../Drivers/STM32WLxx_HAL_Driver/Inc/stm32wlxx_ll_bus.h:449:22:LL_AHB2_GRP1_EnableClock	24	static
../Core/Src/main.c:67:5:_write	24	static
../Core/Src/main.c:72:6:delay_us	16	static
../Core/Src/main.c:86:5:main	8	static
../Core/Src/main.c:145:6:SystemClock_Config	112	static
../Core/Src/main.c:188:13:MX_COMP2_Init	8	static
../Core/Src/main.c:222:13:MX_DAC_Init	48	static
../Core/Src/main.c:265:13:MX_LPTIM2_Init	8	static
../Core/Src/main.c:307:13:MX_USART2_UART_Init	8	static
../Core/Src/main.c:355:13:MX_GPIO_Init	8	static
../Core/Src/main.c:365:13:LC_GPIO_Init	32	static
../Core/Src/main.c:424:6:Error_Handler	4	static,ignoring_inline_asm
